aaa
ssssss

dddd
d
dd

d
2022-12-23
ㅁㅁ
ㅇㅇㄹㅇㄴㄹ
ㄴㅇㄹㅇㄴㄹ